[2026-01-24T08:34:48.854Z] OTP Send Error: Operation `users.findOne()` buffering timed out after 10000ms
MongooseError: Operation `users.findOne()` buffering timed out after 10000ms
    at Timeout._onTimeout (C:\Users\sangr\OneDrive\Desktop\kasturi-masale\backend\node_modules\mongoose\lib\drivers\node-mongodb-native\collection.js:131:25)
    at listOnTimeout (node:internal/timers:605:17)
    at process.processTimers (node:internal/timers:541:7)

